smash> smash> smash> smash: sending SIGKILL signal to 2 jobs:
6073: sleep 10000&
6074: sleep 10000&
