smash> smash> smash> smash> smash: sending SIGKILL signal to 1 jobs:
6067: sleep 100000&
