smash> smash pid is 6252
smash> smash pid is 6252
smash> smash pid is 6252
smash> 