smash> smash> smash pid is 6193
smash> smash: sending SIGKILL signal to 0 jobs:
