smash> smash pid is 5417
smash> smash pid is 5417
smash> smash> 