smash> smash> smash> smash> smash> smash> smash> smash> smash> smash> smash> smash: sending SIGKILL signal to 1 jobs:
5927: sleep 4&
