smash> smash> smash> signal number 1 was sent to pid 5821
smash> received signal number: 1
smash> smash: sending SIGKILL signal to 1 jobs:
5821: ./printSignals.exe &
