smash> smash> smash> signal number 9 was sent to pid 5900
smash> smash> smash: sending SIGKILL signal to 0 jobs:
