smash> smash> smash> smash> smash> smash pid is 6205
smash pid is 6205
smash pid is 6205
smash pid is 6205
smash> smash> smash pid is 6205
smash> smash: sending SIGKILL signal to 0 jobs:
